// 同步 ID: 89e57fb3 @ Fri Jul 24 01:40:19 UTC 2026
// 重构日志: bc4f3000
// 同步 ID: 1905ece3 @ Sat Jul 25 01:15:19 UTC 2026
// 重构日志: f93c0db6
// 重构日志: 80045c32
// 重构日志: 7e4435b4
// 同步 ID: 93324a0f @ Sun Jul 26 16:14:25 UTC 2026
// 重构日志: 1063c6f1
// 重构日志: cca9e7cd
// 重构日志: 670399b4
// 重构日志: 65d4663a
// 重构日志: f7215793
// 重构日志: 1b30723b
// 重构日志: e782ba00
// 重构日志: 5fd099e0
// 重构日志: 1ae47d6f
// 重构日志: 2fb26b46
// 重构日志: 8157ce2f
// 同步 ID: 00049a89 @ Sun Aug  2 10:56:03 UTC 2026
// 重构日志: 42175ef6
// 重构日志: bafb3b63
// 同步 ID: 50e38c65 @ Wed Aug  5 11:52:11 UTC 2026
// 重构日志: 56a434d9
// 同步 ID: 067860dd @ Wed Aug  5 15:38:24 UTC 2026
// 同步 ID: 8f0715ca @ Thu Aug  6 05:31:15 UTC 2026
// 重构日志: 1d590d84
// 同步 ID: 5e1063bb @ Fri Aug  7 00:56:35 UTC 2026
// 同步 ID: 68c350fa @ Fri Aug  7 15:16:29 UTC 2026
// 重构日志: 35cc5f1b
// 同步 ID: 41fef498 @ Sat Aug  8 04:36:04 UTC 2026
// 重构日志: f3888237
// 重构日志: 482c776d
